09:24:30  INFO     device=cuda  train_games=10000  val_games=2000  test_games=2000  seed=42
09:24:30  INFO     Pre-run SHA256 of C:\Users\hunte\projects\baseball\models\pitchgpt_v2.pt ...
09:24:30  INFO     v2.pt SHA256 (pre): 6f952054d14ac6f918f3eb9502b496b70bc0c87dfc65dc50d98ee7244a62883c  size=5616625 bytes
09:24:30  INFO     Loading PitchGPT v2 backbone...
C:\Users\hunte\projects\baseball\src\analytics\pitchgpt.py:1137: UserWarning: enable_nested_tensor is True, but self.use_nested_tensor is False because encoder_layer.norm_first was True
  self.transformer = nn.TransformerEncoder(
09:24:30  INFO     Backbone d_model=128 ctx_dim=35  param-SHA pre: c9b79869f0dc6da75821f0de3a0d3b32e920ef128c0fc19c7f127a375529fb12
09:24:30  INFO     Fetching train pitcher cohort (2015-2022)...
09:24:30  INFO     Train cohort pitchers: 2247
09:24:30  INFO     Sampling train games (seed=42)...
09:24:30  INFO     Train games selected: 10000
09:24:30  INFO     Sampling val games (seed=43, pitcher-disjoint)...
09:24:36  INFO     Val games selected: 1256
09:24:36  INFO     Sampling test games (seed=44, pitcher-disjoint)...
09:24:41  INFO     Test games selected: 2000
09:24:41  INFO     Building train sequence dataset (10000 games, pitcher-disjoint NOT applied for train per protocol)...
09:32:09  INFO     FixedGamesSequenceDataset: 85879 sequences, 2857036 positions, 63321 UNK (2.22%)
09:32:09  INFO     Train ds built: 85879 sequences  (447.9s)
09:32:09  INFO     Building val sequence dataset (drop train pitchers)...
09:32:22  INFO     FixedGamesSequenceDataset: 1890 sequences, 75384 positions, 0 UNK (0.00%)
09:32:22  INFO     Val ds built: 1890 sequences  (13.0s)
09:32:22  INFO     Building test sequence dataset (drop train pitchers)...
09:32:55  INFO     FixedGamesSequenceDataset: 5956 sequences, 204517 positions, 4 UNK (0.00%)
09:32:55  INFO     Test ds built: 5956 sequences  (32.9s)
09:32:55  INFO     Re-fetching A3 test row keys for paired bootstrap...
09:32:56  INFO     A3 test rows reconstructed: 210482
09:32:56  INFO     Train valid outcomes: 2793715  Val valid outcomes: 75384
09:32:56  INFO     Class weights (inv-freq cap=10): {'ball': 0.368, 'called_strike': 0.82, 'swinging_strike': 1.236, 'foul': 0.696, 'in_play_out': 1.193, 'in_play_hit': 1.344, 'hbp': 1.344}
09:32:56  INFO     === Starting A1 (frozen + concat MLP head) training ===
C:\Users\hunte\AppData\Local\Programs\Python\Python312\Lib\site-packages\torch\nn\modules\transformer.py:431: UserWarning: Support for mismatched src_key_padding_mask and mask is deprecated. Use same type for both instead.
  src_key_padding_mask = F._canonical_mask(
09:32:58  INFO       [epoch 1] batch 0/2684  train_loss=2.1601
09:33:00  INFO       [epoch 1] batch 200/2684  train_loss=1.6392
09:33:01  INFO       [epoch 1] batch 400/2684  train_loss=1.5767
09:33:03  INFO       [epoch 1] batch 600/2684  train_loss=1.5971
09:33:05  INFO       [epoch 1] batch 800/2684  train_loss=1.5569
09:33:06  INFO       [epoch 1] batch 1000/2684  train_loss=1.5800
09:33:08  INFO       [epoch 1] batch 1200/2684  train_loss=1.5739
09:33:09  INFO       [epoch 1] batch 1400/2684  train_loss=1.5243
09:33:11  INFO       [epoch 1] batch 1600/2684  train_loss=1.5221
09:33:13  INFO       [epoch 1] batch 1800/2684  train_loss=1.4713
09:33:14  INFO       [epoch 1] batch 2000/2684  train_loss=1.5664
09:33:16  INFO       [epoch 1] batch 2200/2684  train_loss=1.4865
09:33:18  INFO       [epoch 1] batch 2400/2684  train_loss=1.5451
09:33:19  INFO       [epoch 1] batch 2600/2684  train_loss=1.5120
09:33:21  INFO     Epoch 1/5  train_loss(w)=1.5543  val_ll=1.3750  23.2s  (best nan @ ep0)
09:33:21  INFO       [epoch 2] batch 0/2684  train_loss=1.5311
09:33:22  INFO       [epoch 2] batch 200/2684  train_loss=1.5070
09:33:24  INFO       [epoch 2] batch 400/2684  train_loss=1.4995
09:33:26  INFO       [epoch 2] batch 600/2684  train_loss=1.4962
09:33:27  INFO       [epoch 2] batch 800/2684  train_loss=1.5285
09:33:29  INFO       [epoch 2] batch 1000/2684  train_loss=1.4648
09:33:31  INFO       [epoch 2] batch 1200/2684  train_loss=1.4982
09:33:32  INFO       [epoch 2] batch 1400/2684  train_loss=1.4738
09:33:34  INFO       [epoch 2] batch 1600/2684  train_loss=1.5333
09:33:36  INFO       [epoch 2] batch 1800/2684  train_loss=1.5284
09:33:38  INFO       [epoch 2] batch 2000/2684  train_loss=1.4764
09:33:39  INFO       [epoch 2] batch 2200/2684  train_loss=1.4844
09:33:41  INFO       [epoch 2] batch 2400/2684  train_loss=1.4700
09:33:43  INFO       [epoch 2] batch 2600/2684  train_loss=1.4855
09:33:44  INFO     Epoch 2/5  train_loss(w)=1.5068  val_ll=1.3850  23.5s  (best 1.3750 @ ep1)
09:33:44  INFO       [epoch 3] batch 0/2684  train_loss=1.5020
09:33:46  INFO       [epoch 3] batch 200/2684  train_loss=1.5172
09:33:48  INFO       [epoch 3] batch 400/2684  train_loss=1.4793
09:33:49  INFO       [epoch 3] batch 600/2684  train_loss=1.5155
09:33:51  INFO       [epoch 3] batch 800/2684  train_loss=1.5262
09:33:53  INFO       [epoch 3] batch 1000/2684  train_loss=1.5049
09:33:55  INFO       [epoch 3] batch 1200/2684  train_loss=1.5227
09:33:56  INFO       [epoch 3] batch 1400/2684  train_loss=1.4803
09:33:58  INFO       [epoch 3] batch 1600/2684  train_loss=1.5382
09:34:00  INFO       [epoch 3] batch 1800/2684  train_loss=1.5152
09:34:02  INFO       [epoch 3] batch 2000/2684  train_loss=1.5336
09:34:03  INFO       [epoch 3] batch 2200/2684  train_loss=1.4907
09:34:05  INFO       [epoch 3] batch 2400/2684  train_loss=1.5213
09:34:07  INFO       [epoch 3] batch 2600/2684  train_loss=1.4318
09:34:08  INFO     Epoch 3/5  train_loss(w)=1.4966  val_ll=1.3555  24.2s  (best 1.3750 @ ep1)
09:34:08  INFO       [epoch 4] batch 0/2684  train_loss=1.4926
09:34:10  INFO       [epoch 4] batch 200/2684  train_loss=1.4679
09:34:12  INFO       [epoch 4] batch 400/2684  train_loss=1.4935
09:34:14  INFO       [epoch 4] batch 600/2684  train_loss=1.4132
09:34:15  INFO       [epoch 4] batch 800/2684  train_loss=1.5023
09:34:17  INFO       [epoch 4] batch 1000/2684  train_loss=1.4998
09:34:19  INFO       [epoch 4] batch 1200/2684  train_loss=1.4673
09:34:21  INFO       [epoch 4] batch 1400/2684  train_loss=1.4380
09:34:22  INFO       [epoch 4] batch 1600/2684  train_loss=1.4960
09:34:24  INFO       [epoch 4] batch 1800/2684  train_loss=1.4946
09:34:26  INFO       [epoch 4] batch 2000/2684  train_loss=1.5175
09:34:28  INFO       [epoch 4] batch 2200/2684  train_loss=1.4776
09:34:29  INFO       [epoch 4] batch 2400/2684  train_loss=1.4762
09:34:31  INFO       [epoch 4] batch 2600/2684  train_loss=1.5234
09:34:32  INFO     Epoch 4/5  train_loss(w)=1.4921  val_ll=1.3698  23.8s  (best 1.3555 @ ep3)
09:34:32  INFO       [epoch 5] batch 0/2684  train_loss=1.4921
09:34:34  INFO       [epoch 5] batch 200/2684  train_loss=1.5156
09:34:36  INFO       [epoch 5] batch 400/2684  train_loss=1.4772
09:34:37  INFO       [epoch 5] batch 600/2684  train_loss=1.4645
09:34:39  INFO       [epoch 5] batch 800/2684  train_loss=1.5322
09:34:41  INFO       [epoch 5] batch 1000/2684  train_loss=1.5258
09:34:42  INFO       [epoch 5] batch 1200/2684  train_loss=1.4705
09:34:44  INFO       [epoch 5] batch 1400/2684  train_loss=1.5017
09:34:46  INFO       [epoch 5] batch 1600/2684  train_loss=1.4780
09:34:48  INFO       [epoch 5] batch 1800/2684  train_loss=1.4507
09:34:49  INFO       [epoch 5] batch 2000/2684  train_loss=1.4790
09:34:51  INFO       [epoch 5] batch 2200/2684  train_loss=1.5048
09:34:53  INFO       [epoch 5] batch 2400/2684  train_loss=1.5170
09:34:55  INFO       [epoch 5] batch 2600/2684  train_loss=1.4987
09:34:56  INFO     Epoch 5/5  train_loss(w)=1.4900  val_ll=1.3737  23.7s  (best 1.3555 @ ep3)
09:34:56  INFO     Early stopping at epoch 5 (patience=2, best 1.3555 @ ep3).
09:34:56  INFO     Training done in 119.3s.  Best epoch=3
09:34:56  INFO     Backbone param-SHA post: c9b79869f0dc6da75821f0de3a0d3b32e920ef128c0fc19c7f127a375529fb12 (MATCH=True)
09:34:56  INFO     Collecting val logits ...
09:34:56  INFO     Val logits: (75384, 7) targets: 75384
09:34:56  INFO     Collecting test logits ...
09:34:58  INFO     Test logits: (204513, 7) targets: 204513
09:34:58  INFO     Fitted temperature: 0.8003
09:34:58  INFO     Bootstrapping log-loss + lift CI (B=1000)...
09:35:17  INFO     Bootstrap done in 19.2s.
09:35:17  INFO     Loading A3 metrics + cache for paired bootstrap...
09:35:17  INFO     Re-fitting A3 at locked best params for paired-bootstrap probs...
09:35:17  INFO     Cache hit: loading cohort from C:\Users\hunte\projects\baseball\data\staging\outcome_baselines_cache
09:35:17  INFO     Loaded train=2879316 val=77281 test=210482 from cache
09:38:49  INFO     Paired rows: A1=204513  A3=210482  matched=204513
09:39:23  INFO     Paired delta-lift point: +2.4768% CI [+2.2380%, +2.7189%]
09:39:23  INFO     Paired log-loss delta (A1 - A3): -0.0410 CI [-0.0450, -0.0370]
09:39:23  INFO     ============================================================
09:39:23  INFO     A1 RESULTS
09:39:23  INFO     ============================================================
09:39:23  INFO     VAL  pre/post log-loss: 1.3555 / 1.3439  freq=1.6488  lift_post=18.49%
09:39:23  INFO     VAL  pre/post ECE:      0.0676 / 0.0172
09:39:23  INFO     TEST pre/post log-loss: 1.3601 / 1.3507  freq=1.6535  lift_post=18.31% [18.10%, 18.53%]
09:39:23  INFO     TEST pre/post ECE:      0.0614 / 0.0114
09:39:23  INFO     TEST per-class log-loss: {'ball': 0.9624, 'called_strike': 1.2917, 'swinging_strike': 1.4399, 'foul': 1.5962, 'in_play_out': 1.607, 'in_play_hit': 2.3422, 'hbp': 3.0234}
09:39:23  INFO     TEST top-1 accuracy: 0.4671
09:39:23  INFO     Per-pitcher (top-50) ll: mean=1.3455 var=0.0010 range=[1.2685, 1.4014]
09:39:23  INFO     PAIRED A1 - A3 LIFT DELTA: +2.4768% CI [+2.2380%, +2.7189%]
09:39:23  INFO     PAIRED log-loss delta (A1 - A3): -0.0410 CI [-0.0450, -0.0370]
09:39:23  INFO     BACKBONE byte-identity verified: True
09:39:23  INFO     VERDICT (A1 standalone): WEAKER PASS
09:39:23  INFO     FINAL SHIP VERDICT: SHIP A1
09:39:23  INFO     Saving A1 head checkpoint to C:\Users\hunte\projects\baseball\models\pitchgpt_v2_outcomehead_a1.pt
09:39:23  INFO     Saved A1 checkpoint (0.1 MB)
09:39:23  INFO     v2.pt byte-identity verified: PRE == POST
09:39:23  INFO     Phase 0.3 ckpt C:\Users\hunte\projects\baseball\models\pitchgpt_v2_outcomehead.pt exists.  SHA256: 6b47f97dd69604355f598bd3fc52bc1b34a41ea9854f5cd23060f6c64cbb54a0
09:39:23  INFO     Wrote C:\Users\hunte\projects\baseball\results\pitchgpt_sim\outcome_baselines_2026_04_25\a1_concat\metrics.json
09:39:23  INFO     Wrote C:\Users\hunte\projects\baseball\results\pitchgpt_sim\outcome_baselines_2026_04_25\a1_concat\report.md
09:39:23  INFO     DONE.  Verdict: WEAKER PASS | Ship: SHIP A1
